// Vitest Snapshot v1, https://vitest.dev/guide/snapshot.html

exports[`Belluno data parsing 1`] = `
StationData {
  "altitude": null,
  "forecast": undefined,
  "station": "Asiago - aeroporto",
  "timestamps": [
    1776326400000,
    1776328200000,
    1776330000000,
    1776331800000,
  ],
  "units": {
    "DW": "°",
    "ISWR": "W/m²",
    "P": "Pa",
    "PSUM": "mm",
    "RH": "%",
    "TA": "℃",
    "VW": "m/s",
  },
  "values": {
    "DW": [
      72,
      160,
      52,
      80,
    ],
    "ISWR": [
      536,
      724,
      830,
      538,
    ],
    "P": [
      1017.7,
      1017.3,
      1017.2,
      1017,
    ],
    "PSUM": [
      0,
      0,
      0,
      0,
    ],
    "RH": [
      67,
      69,
      67,
      67,
    ],
    "TA": [
      14.2,
      15,
      15.4,
      15.8,
    ],
    "TD": [
      8.158156625412689,
      9.356755013170355,
      9.301152159553316,
      9.682092635901176,
    ],
    "VW": [
      1.1,
      1.1,
      2.2,
      2.3,
    ],
  },
}
`;

exports[`Belluno station listing 1`] = `
[
  {
    "geometry": {
      "coordinates": [
        12.17508664,
        46.52744551,
        2235,
      ],
      "type": "Point",
    },
    "id": "0047",
    "properties": {
      "DW": undefined,
      "HS": undefined,
      "HSD_24": undefined,
      "HSD_48": undefined,
      "HSD_6": undefined,
      "HSD_72": undefined,
      "ILWR": undefined,
      "ISWR": undefined,
      "OLWR": undefined,
      "P": undefined,
      "PSUM_24": undefined,
      "PSUM_48": undefined,
      "PSUM_6": undefined,
      "PSUM_72": undefined,
      "RH": undefined,
      "RSWR": undefined,
      "TA": undefined,
      "TA_MAX": undefined,
      "TA_MIN": undefined,
      "TD": undefined,
      "TSS": undefined,
      "VW": undefined,
      "VW_MAX": undefined,
      "dataURLs": [
        "https://meteo.arpa.veneto.it/meteo/dati_meteo/xml/0047.csv",
      ],
      "name": "Faloria",
      "operator": "ARPAV",
      "operatorLicense": "CC BY 4.0",
      "operatorLicenseLink": "https://creativecommons.org/licenses/by/4.0/deed.it",
      "operatorLink": "https://www.arpa.veneto.it/",
    },
    "type": "Feature",
  },
  {
    "geometry": {
      "coordinates": [
        11.924,
        46.433,
        1007,
      ],
      "type": "Point",
    },
    "id": "0009",
    "properties": {
      "DW": undefined,
      "HS": undefined,
      "HSD_24": undefined,
      "HSD_48": undefined,
      "HSD_6": undefined,
      "HSD_72": undefined,
      "ILWR": undefined,
      "ISWR": undefined,
      "OLWR": undefined,
      "P": undefined,
      "PSUM_24": undefined,
      "PSUM_48": undefined,
      "PSUM_6": undefined,
      "PSUM_72": undefined,
      "RH": undefined,
      "RSWR": undefined,
      "TA": undefined,
      "TA_MAX": undefined,
      "TA_MIN": undefined,
      "TD": undefined,
      "TSS": undefined,
      "VW": undefined,
      "VW_MAX": undefined,
      "dataURLs": [
        "https://meteo.arpa.veneto.it/meteo/dati_meteo/xml/0009.csv",
      ],
      "name": "Caprile",
      "operator": "ARPAV",
      "operatorLicense": "CC BY 4.0",
      "operatorLicenseLink": "https://creativecommons.org/licenses/by/4.0/deed.it",
      "operatorLink": "https://www.arpa.veneto.it/",
    },
    "type": "Feature",
  },
]
`;
