// Vitest Snapshot v1, https://vitest.dev/guide/snapshot.html

exports[`geosphere > parseGeosphereData 1`] = `
StationData {
  "altitude": 1464,
  "forecast": undefined,
  "station": "Schmirn",
  "timestamps": [
    1775557200000,
    1775557800000,
    1775558400000,
    1775559000000,
    1775559600000,
    1775560200000,
    1775560800000,
    1775561400000,
    1775562000000,
    1775562600000,
    1775563200000,
    1775563800000,
  ],
  "units": {
    "DW": "°",
    "HS": "cm",
    "P": "hPa",
    "RH": "%",
    "TA": "℃",
    "TD": "℃",
    "VW": "km/h",
    "VW_MAX": "km/h",
  },
  "values": {
    "DW": [
      194,
      166,
      329,
      12,
      149,
      38,
      50,
      62,
      138,
      211,
      221,
      66,
    ],
    "HS": [
      0,
      0,
      0,
      0,
      0,
      0,
      0,
      0,
      0,
      0,
      0,
      0,
    ],
    "P": [
      859.5,
      859.3,
      859.2,
      859.2,
      859.1,
      859.1,
      859,
      859,
      858.8,
      858.8,
      858.8,
      858.9,
    ],
    "RH": [
      25,
      25,
      25,
      24,
      27,
      28,
      27,
      26,
      26,
      28,
      25,
      28,
    ],
    "TA": [
      14.6,
      15,
      15.5,
      15.1,
      15.4,
      15.3,
      15.8,
      15.5,
      15.4,
      15.7,
      15.9,
      16,
    ],
    "TD": [
      -5.1,
      -5.1,
      -4.3,
      -5.5,
      -3.9,
      -3.4,
      -3.4,
      -4.1,
      -4.2,
      -2.7,
      -3.8,
      -2.8,
    ],
    "VW": [
      3.24,
      4.32,
      2.52,
      6.12,
      2.16,
      12.6,
      8.28,
      8.28,
      4.32,
      11.520000000000001,
      3.6,
      2.52,
    ],
    "VW_MAX": [
      18.720000000000002,
      13.68,
      11.16,
      15.840000000000002,
      8.28,
      22.68,
      18,
      16.56,
      30.6,
      32.4,
      15.48,
      14.76,
    ],
  },
}
`;

exports[`geosphere > parseGeosphereFeature 1`] = `
{
  "geometry": {
    "coordinates": [
      11.580277777777777,
      47.08722222222222,
      1464,
    ],
    "type": "Point",
  },
  "id": "11326",
  "properties": {
    "DW": undefined,
    "HS": undefined,
    "HSD_24": undefined,
    "HSD_48": undefined,
    "HSD_6": undefined,
    "HSD_72": undefined,
    "ILWR": undefined,
    "ISWR": undefined,
    "OLWR": undefined,
    "P": undefined,
    "PSUM_24": undefined,
    "PSUM_48": undefined,
    "PSUM_6": undefined,
    "PSUM_72": undefined,
    "RH": undefined,
    "RSWR": undefined,
    "TA": undefined,
    "TA_MAX": undefined,
    "TA_MIN": undefined,
    "TD": undefined,
    "TSS": undefined,
    "VW": undefined,
    "VW_MAX": undefined,
    "dataProviderID": "GEOSPHERE",
    "name": "Schmirn",
    "operator": "GeoSphere Austria",
    "operatorLicense": "CC BY 4.0",
    "operatorLicenseLink": "https://creativecommons.org/licenses/by/4.0/legalcode",
    "operatorLink": "https://www.geosphere.at/",
  },
  "type": "Feature",
}
`;
