// Vitest Snapshot v1, https://vitest.dev/guide/snapshot.html

exports[`SLF 1`] = `
[
  {
    "geometry": {
      "coordinates": [
        9.8981393038,
        46.6212841261,
        2727,
      ],
      "type": "Point",
    },
    "id": "KES2",
    "properties": {
      "DW": 337.3,
      "HS": 1.30504,
      "TA": 271.85499999999996,
      "TSS": 272.128,
      "VW": 3.215,
      "dataProviderID": "SLF",
      "dataURLs": [
        "https://measurement-api.slf.ch/public/api/imis/station/KES2/measurements?period_in_days=7",
      ],
      "date": 2026-04-14T16:30:00.000Z,
      "microRegionID": "CH",
      "name": "Porta d'Es-cha",
      "operator": "SLF",
      "operatorLicense": "CC BY 4.0",
      "operatorLicenseLink": "https://www.slf.ch/de/services-und-produkte/slf-datenservice/",
      "operatorLink": "https://www.slf.ch/",
    },
    "type": "Feature",
  },
]
`;
